0.591: [GC 0.591: [DefNew: 4416K->512K(4928K), 0.0217810 secs] 4416K->1954K(15872K), 0.0233750 secs] [Times: user=0.02 sys=0.01, real=0.02 secs] 
0.964: [GC 0.965: [DefNew: 4928K->512K(4928K), 0.0196940 secs] 6370K->2992K(15872K), 0.0199630 secs] [Times: user=0.01 sys=0.00, real=0.02 secs] 
1.177: [GC 1.177: [DefNew: 4928K->512K(4928K), 0.0084340 secs] 7408K->3620K(15872K), 0.0085150 secs] [Times: user=0.01 sys=0.00, real=0.01 secs] 
1.463: [GC 1.464: [DefNew: 4928K->512K(4928K), 0.0080490 secs] 8036K->5571K(15872K), 0.0081290 secs] [Times: user=0.01 sys=0.01, real=0.01 secs] 
2.207: [Full GC (System) 2.208: [Tenured: 5059K->6465K(10944K), 0.0357810 secs] 7886K->6465K(15872K), [Perm : 9752K->9752K(12288K)], 0.0358400 secs] [Times: user=0.04 sys=0.00, real=0.04 secs] 
2.948: [Full GC (System) 2.948: [Tenured: 6465K->6467K(10944K), 0.0261540 secs] 6777K->6467K(15936K), [Perm : 9752K->9752K(12288K)], 0.0263270 secs] [Times: user=0.02 sys=0.00, real=0.02 secs] 
3.618: [Full GC (System) 3.618: [Tenured: 6467K->6469K(10944K), 0.0285460 secs] 6772K->6469K(15936K), [Perm : 9752K->9752K(12288K)], 0.0287130 secs] [Times: user=0.02 sys=0.00, real=0.03 secs] 
5.895: [Full GC (System) 5.896: [Tenured: 6469K->6333K(10944K), 0.0331470 secs] 7527K->6333K(15936K), [Perm : 9753K->9746K(12288K)], 0.0334800 secs] [Times: user=0.02 sys=0.00, real=0.04 secs] 
6.572: [Full GC (System) 6.572: [Tenured: 6333K->6921K(10944K), 0.0279390 secs] 7011K->6921K(15936K), [Perm : 9746K->9746K(12288K)], 0.0281440 secs] [Times: user=0.02 sys=0.01, real=0.03 secs] 
11.602: [Full GC (System) 11.602: [Tenured: 6921K->6930K(11540K), 0.0468250 secs] 7482K->6930K(16788K), [Perm : 9813K->9813K(12288K)], 0.0469330 secs] [Times: user=0.02 sys=0.01, real=0.05 secs] 
13.908: [Full GC (System) 13.908: [Tenured: 6930K->6947K(11540K), 0.0331430 secs] 8244K->6947K(16788K), [Perm : 9833K->9833K(12288K)], 0.0333160 secs] [Times: user=0.03 sys=0.01, real=0.03 secs] 
14.588: [Full GC (System) 14.588: [Tenured: 6947K->7356K(11540K), 0.0396750 secs] 7655K->7356K(16788K), [Perm : 9833K->9831K(12288K)], 0.0398910 secs] [Times: user=0.04 sys=0.00, real=0.04 secs] 
19.638: [Full GC (System) 19.638: [Tenured: 7356K->7357K(12264K), 0.0296880 secs] 7857K->7357K(17896K), [Perm : 9831K->9831K(12288K)], 0.0298330 secs] [Times: user=0.03 sys=0.00, real=0.04 secs] 
22.537: [Full GC (System) 22.538: [Tenured: 7357K->7373K(12264K), 0.0251030 secs] 8926K->7373K(17896K), [Perm : 9831K->9831K(12288K)], 0.0252450 secs] [Times: user=0.02 sys=0.00, real=0.03 secs] 
23.205: [Full GC (System) 23.205: [Tenured: 7373K->7961K(12264K), 0.0293530 secs] 8051K->7961K(17896K), [Perm : 9831K->9831K(12288K)], 0.0296000 secs] [Times: user=0.03 sys=0.00, real=0.03 secs] 
28.242: [Full GC (System) 28.242: [Tenured: 7961K->7950K(13272K), 0.0275830 secs] 8460K->7950K(19288K), [Perm : 9831K->9831K(12288K)], 0.0277370 secs] [Times: user=0.03 sys=0.00, real=0.03 secs] 
30.826: [Full GC (System) 30.826: [Tenured: 7950K->7957K(13272K), 0.0301070 secs] 9796K->7957K(19288K), [Perm : 9831K->9831K(12288K)], 0.0307680 secs] [Times: user=0.02 sys=0.00, real=0.04 secs] 
31.501: [Full GC (System) 31.501: [Tenured: 7957K->8528K(13272K), 0.0362730 secs] 9149K->8528K(19288K), [Perm : 9831K->9831K(12288K)], 0.0367370 secs] [Times: user=0.03 sys=0.00, real=0.04 secs] 
35.607: [Full GC (System) 35.607: [Tenured: 8528K->8529K(14216K), 0.0211470 secs] 8954K->8529K(20680K), [Perm : 9831K->9831K(12288K)], 0.0276520 secs] [Times: user=0.02 sys=0.00, real=0.03 secs] 
38.889: [Full GC (System) 38.889: [Tenured: 8529K->8534K(14216K), 0.1016850 secs] 9714K->8534K(20680K), [Perm : 9831K->9831K(12288K)], 0.1017560 secs] [Times: user=0.03 sys=0.00, real=0.10 secs] 
40.248: [Full GC (System) 40.248: [Tenured: 8534K->9122K(14216K), 0.0304160 secs] 10897K->9122K(20680K), [Perm : 9831K->9831K(12288K)], 0.0307300 secs] [Times: user=0.03 sys=0.00, real=0.03 secs] 
43.144: [Full GC (System) 43.144: [Tenured: 9122K->9153K(15204K), 0.0313910 secs] 10814K->9153K(22116K), [Perm : 9836K->9836K(12288K)], 0.0315260 secs] [Times: user=0.03 sys=0.00, real=0.04 secs] 
44.580: [Full GC (System) 44.580: [Tenured: 9153K->9165K(15204K), 0.0316080 secs] 10422K->9165K(22116K), [Perm : 9836K->9836K(12288K)], 0.0320090 secs] [Times: user=0.03 sys=0.00, real=0.03 secs] 
48.759: [GC 48.759: [DefNew: 6144K->271K(6912K), 0.0030410 secs] 15309K->9436K(22116K), 0.0031200 secs] [Times: user=0.01 sys=0.00, real=0.00 secs] 
51.743: [Full GC (System) 51.743: [Tenured: 9165K->9264K(15204K), 0.0289600 secs] 11055K->9264K(22116K), [Perm : 9839K->9839K(12288K)], 0.0340780 secs] [Times: user=0.02 sys=0.00, real=0.04 secs] 
52.422: [Full GC (System) 52.422: [Tenured: 9264K->8072K(15444K), 0.0313010 secs] 9618K->8072K(22420K), [Perm : 9839K->9839K(12288K)], 0.0314450 secs] [Times: user=0.03 sys=0.00, real=0.03 secs] 
53.158: [Full GC (System) 53.158: [Tenured: 8072K->8074K(15444K), 0.0296450 secs] 8424K->8074K(22420K), [Perm : 9839K->9839K(12288K)], 0.0298110 secs] [Times: user=0.02 sys=0.00, real=0.03 secs] 
53.826: [Full GC (System) 53.826: [Tenured: 8074K->8080K(15444K), 0.0330130 secs] 8426K->8080K(22420K), [Perm : 9839K->9839K(12288K)], 0.0331930 secs] [Times: user=0.03 sys=0.00, real=0.04 secs] 
56.116: [Full GC (System) 56.116: [Tenured: 8080K->7494K(15444K), 0.0275080 secs] 9231K->7494K(22420K), [Perm : 9839K->9839K(12288K)], 0.0276550 secs] [Times: user=0.02 sys=0.00, real=0.02 secs] 
56.783: [Full GC (System) 56.784: [Tenured: 7494K->8086K(15444K), 0.0313280 secs] 8204K->8086K(22420K), [Perm : 9839K->9839K(12288K)], 0.0315610 secs] [Times: user=0.04 sys=0.00, real=0.04 secs] 
61.814: [Full GC (System) 61.814: [Tenured: 8086K->8091K(15444K), 0.0332620 secs] 8721K->8091K(22420K), [Perm : 9839K->9839K(12288K)], 0.0334450 secs] [Times: user=0.03 sys=0.00, real=0.04 secs] 
64.111: [Full GC (System) 64.111: [Tenured: 8091K->8108K(15444K), 0.0261550 secs] 9470K->8108K(22420K), [Perm : 9839K->9839K(12288K)], 0.0264230 secs] [Times: user=0.01 sys=0.01, real=0.03 secs] 
64.778: [Full GC (System) 64.778: [Tenured: 8108K->8063K(15444K), 0.0322080 secs] 8818K->8063K(22420K), [Perm : 9839K->9839K(12288K)], 0.0323790 secs] [Times: user=0.02 sys=0.01, real=0.03 secs] 
69.847: [Full GC (System) 69.847: [Tenured: 8063K->8068K(15444K), 0.0278260 secs] 8724K->8068K(22420K), [Perm : 9839K->9839K(12288K)], 0.0280860 secs] [Times: user=0.03 sys=0.00, real=0.02 secs] 
72.777: [Full GC (System) 72.777: [Tenured: 8068K->8088K(15444K), 0.0269920 secs] 9709K->8088K(22420K), [Perm : 9839K->9839K(12288K)], 0.0271640 secs] [Times: user=0.02 sys=0.02, real=0.03 secs] 
73.444: [Full GC (System) 73.444: [Tenured: 8088K->8676K(15444K), 0.0361640 secs] 8806K->8676K(22420K), [Perm : 9839K->9839K(12288K)], 0.0364610 secs] [Times: user=0.03 sys=0.00, real=0.03 secs] 
78.506: [Full GC (System) 78.506: [Tenured: 8676K->8063K(15444K), 0.0278990 secs] 9307K->8063K(22420K), [Perm : 9839K->9839K(12288K)], 0.0281060 secs] [Times: user=0.02 sys=0.01, real=0.02 secs] 
81.095: [Full GC (System) 81.095: [Tenured: 8063K->8074K(15444K), 0.1199790 secs] 9968K->8074K(22420K), [Perm : 9839K->9839K(12288K)], 0.1274620 secs] [Times: user=0.04 sys=0.00, real=0.13 secs] 
81.866: [Full GC (System) 81.866: [Tenured: 8074K->8646K(15444K), 0.0275860 secs] 9322K->8646K(22420K), [Perm : 9839K->9839K(12288K)], 0.0278390 secs] [Times: user=0.03 sys=0.00, real=0.02 secs] 
85.949: [Full GC (System) 85.949: [Tenured: 8646K->8651K(15444K), 0.0276230 secs] 9155K->8651K(22420K), [Perm : 9839K->9839K(12288K)], 0.0278240 secs] [Times: user=0.02 sys=0.00, real=0.03 secs] 
89.233: [Full GC (System) 89.233: [Tenured: 8651K->8635K(15444K), 0.0284920 secs] 9922K->8635K(22420K), [Perm : 9839K->9839K(12288K)], 0.0286730 secs] [Times: user=0.03 sys=0.00, real=0.03 secs] 
90.518: [Full GC (System) 90.518: [Tenured: 8635K->9222K(15444K), 0.0354380 secs] 11030K->9222K(22420K), [Perm : 9839K->9839K(12288K)], 0.0356170 secs] [Times: user=0.02 sys=0.00, real=0.04 secs] 
93.417: [Full GC (System) 93.417: [Tenured: 9222K->9256K(15444K), 0.0286620 secs] 10963K->9256K(22420K), [Perm : 9839K->9839K(12288K)], 0.0288190 secs] [Times: user=0.02 sys=0.00, real=0.03 secs] 
94.853: [Full GC (System) 94.853: [Tenured: 9256K->9272K(15444K), 0.0313430 secs] 10529K->9272K(22420K), [Perm : 9839K->9839K(12288K)], 0.0315690 secs] [Times: user=0.03 sys=0.00, real=0.03 secs] 
99.163: [GC 99.163: [DefNew: 6208K->217K(6976K), 0.0018180 secs] 15480K->9490K(22420K), 0.0018620 secs] [Times: user=0.00 sys=0.00, real=0.00 secs] 
102.025: [Full GC (System) 102.025: [Tenured: 9272K->9257K(15444K), 0.0892450 secs] 10975K->9257K(22420K), [Perm : 9839K->9839K(12288K)], 0.0896290 secs] [Times: user=0.02 sys=0.00, real=0.09 secs] 
102.760: [Full GC (System) 102.760: [Tenured: 9257K->8070K(15444K), 0.0320470 secs] 9602K->8070K(22420K), [Perm : 9839K->9839K(12288K)], 0.0321930 secs] [Times: user=0.03 sys=0.00, real=0.04 secs] 
103.496: [Full GC (System) 103.496: [Tenured: 8070K->8076K(15444K), 0.0375170 secs] 8430K->8076K(22420K), [Perm : 9839K->9839K(12288K)], 0.0377390 secs] [Times: user=0.04 sys=0.00, real=0.04 secs] 
104.182: [Full GC (System) 104.182: [Tenured: 8076K->8078K(15444K), 0.0355380 secs] 8436K->8078K(22420K), [Perm : 9839K->9839K(12288K)], 0.0356970 secs] [Times: user=0.03 sys=0.00, real=0.04 secs] 
106.472: [Full GC (System) 106.472: [Tenured: 8078K->7493K(15444K), 0.0246350 secs] 9229K->7493K(22420K), [Perm : 9839K->9839K(12288K)], 0.0247910 secs] [Times: user=0.01 sys=0.00, real=0.02 secs] 
107.140: [Full GC (System) 107.140: [Tenured: 7493K->8080K(15444K), 0.0686490 secs] 8268K->8080K(22420K), [Perm : 9839K->9839K(12288K)], 0.0720890 secs] [Times: user=0.02 sys=0.00, real=0.08 secs] 
112.266: [Full GC (System) 112.266: [Tenured: 8080K->8085K(15444K), 0.1245090 secs] 8676K->8085K(22420K), [Perm : 9839K->9839K(12288K)], 0.1266590 secs] [Times: user=0.04 sys=0.00, real=0.13 secs] 
114.649: [Full GC (System) 114.649: [Tenured: 8085K->8098K(15444K), 0.0262480 secs] 9469K->8098K(22420K), [Perm : 9839K->9839K(12288K)], 0.0263860 secs] [Times: user=0.02 sys=0.00, real=0.03 secs] 
115.317: [Full GC (System) 115.317: [Tenured: 8098K->8064K(15444K), 0.0380320 secs] 8796K->8064K(22420K), [Perm : 9839K->9839K(12288K)], 0.0382770 secs] [Times: user=0.03 sys=0.01, real=0.04 secs] 
120.363: [Full GC (System) 120.363: [Tenured: 8064K->8068K(15444K), 0.0265690 secs] 8670K->8068K(22420K), [Perm : 9839K->9839K(12288K)], 0.0267080 secs] [Times: user=0.03 sys=0.00, real=0.03 secs] 
123.263: [Full GC (System) 123.263: [Tenured: 8068K->8088K(15444K), 0.0257310 secs] 9708K->8088K(22420K), [Perm : 9839K->9839K(12288K)], 0.0258940 secs] [Times: user=0.02 sys=0.00, real=0.02 secs] 
123.934: [Full GC (System) 123.934: [Tenured: 8088K->8680K(15444K), 0.0301060 secs] 8848K->8680K(22420K), [Perm : 9839K->9839K(12288K)], 0.0302680 secs] [Times: user=0.02 sys=0.00, real=0.03 secs] 
128.965: [Full GC (System) 128.965: [Tenured: 8680K->8064K(15444K), 0.0298260 secs] 9291K->8064K(22420K), [Perm : 9839K->9839K(12288K)], 0.0299840 secs] [Times: user=0.03 sys=0.00, real=0.03 secs] 
131.559: [Full GC (System) 131.559: [Tenured: 8064K->8074K(15444K), 0.0265550 secs] 9938K->8074K(22420K), [Perm : 9839K->9839K(12288K)], 0.0268140 secs] [Times: user=0.02 sys=0.00, real=0.03 secs] 
132.230: [Full GC (System) 132.230: [Tenured: 8074K->8646K(15444K), 0.0306260 secs] 9306K->8646K(22420K), [Perm : 9839K->9839K(12288K)], 0.0307930 secs] [Times: user=0.03 sys=0.00, real=0.04 secs] 
136.314: [Full GC (System) 136.314: [Tenured: 8646K->8651K(15444K), 0.0263400 secs] 9164K->8651K(22420K), [Perm : 9839K->9839K(12288K)], 0.0265610 secs] [Times: user=0.02 sys=0.00, real=0.03 secs] 
139.593: [Full GC (System) 139.593: [Tenured: 8651K->8635K(15444K), 0.0315550 secs] 9911K->8635K(22420K), [Perm : 9839K->9839K(12288K)], 0.0316570 secs] [Times: user=0.03 sys=0.00, real=0.03 secs] 
140.876: [Full GC (System) 140.876: [Tenured: 8635K->9222K(15444K), 0.0337840 secs] 11024K->9222K(22420K), [Perm : 9839K->9839K(12288K)], 0.0341310 secs] [Times: user=0.03 sys=0.00, real=0.03 secs] 
143.775: [Full GC (System) 143.775: [Tenured: 9222K->9256K(15444K), 0.0294830 secs] 10939K->9256K(22420K), [Perm : 9839K->9839K(12288K)], 0.0297870 secs] [Times: user=0.02 sys=0.00, real=0.03 secs] 
145.210: [Full GC (System) 145.211: [Tenured: 9256K->9272K(15444K), 0.0313760 secs] 10570K->9272K(22420K), [Perm : 9839K->9839K(12288K)], 0.0315260 secs] [Times: user=0.03 sys=0.00, real=0.04 secs] 
149.510: [GC 149.510: [DefNew: 6208K->217K(6976K), 0.0016170 secs] 15480K->9490K(22420K), 0.0016790 secs] [Times: user=0.00 sys=0.00, real=0.01 secs] 
152.372: [Full GC (System) 152.372: [Tenured: 9272K->9256K(15444K), 0.0276110 secs] 10893K->9256K(22420K), [Perm : 9839K->9839K(12288K)], 0.0277400 secs] [Times: user=0.02 sys=0.00, real=0.03 secs] 
153.040: [Full GC (System) 153.040: [Tenured: 9256K->8070K(15444K), 0.0309790 secs] 9573K->8070K(22420K), [Perm : 9839K->9839K(12288K)], 0.0313360 secs] [Times: user=0.02 sys=0.00, real=0.02 secs] 
153.773: [Full GC (System) 153.773: [Tenured: 8070K->8072K(15444K), 0.0322490 secs] 8492K->8072K(22420K), [Perm : 9839K->9839K(12288K)], 0.0324220 secs] [Times: user=0.03 sys=0.00, real=0.03 secs] 
154.445: [Full GC (System) 154.445: [Tenured: 8072K->8073K(15444K), 0.0316680 secs] 8389K->8073K(22420K), [Perm : 9839K->9839K(12288K)], 0.0318420 secs] [Times: user=0.03 sys=0.00, real=0.03 secs] 
156.725: [Full GC (System) 156.725: [Tenured: 8073K->7493K(15444K), 0.0273130 secs] 9172K->7493K(22420K), [Perm : 9839K->9839K(12288K)], 0.0274640 secs] [Times: user=0.03 sys=0.00, real=0.03 secs] 
157.395: [Full GC (System) 157.395: [Tenured: 7493K->8080K(15444K), 0.0322970 secs] 8191K->8080K(22420K), [Perm : 9839K->9839K(12288K)], 0.0326470 secs] [Times: user=0.03 sys=0.01, real=0.04 secs] 
162.433: [Full GC (System) 162.433: [Tenured: 8080K->8085K(15444K), 0.0278260 secs] 8684K->8085K(22420K), [Perm : 9839K->9839K(12288K)], 0.0280510 secs] [Times: user=0.03 sys=0.00, real=0.03 secs] 
164.716: [Full GC (System) 164.716: [Tenured: 8085K->8102K(15444K), 0.0262020 secs] 9468K->8102K(22420K), [Perm : 9839K->9839K(12288K)], 0.0265200 secs] [Times: user=0.02 sys=0.00, real=0.03 secs] 
165.382: [Full GC (System) 165.383: [Tenured: 8102K->8063K(15444K), 0.0296860 secs] 9398K->8063K(22420K), [Perm : 9839K->9839K(12288K)], 0.0299110 secs] [Times: user=0.03 sys=0.00, real=0.03 secs] 
170.415: [Full GC (System) 170.415: [Tenured: 8063K->8068K(15444K), 0.0266780 secs] 8667K->8068K(22420K), [Perm : 9839K->9839K(12288K)], 0.0269800 secs] [Times: user=0.03 sys=0.00, real=0.03 secs] 
173.303: [Full GC (System) 173.303: [Tenured: 8068K->8088K(15444K), 0.0272710 secs] 9754K->8088K(22420K), [Perm : 9839K->9839K(12288K)], 0.0275300 secs] [Times: user=0.03 sys=0.00, real=0.03 secs] 
173.973: [Full GC (System) 173.973: [Tenured: 8088K->8676K(15444K), 0.0319490 secs] 8786K->8676K(22420K), [Perm : 9839K->9839K(12288K)], 0.0321040 secs] [Times: user=0.03 sys=0.00, real=0.03 secs] 
179.012: [Full GC (System) 179.012: [Tenured: 8676K->8063K(15444K), 0.0273170 secs] 9275K->8063K(22420K), [Perm : 9839K->9839K(12288K)], 0.0275700 secs] [Times: user=0.02 sys=0.00, real=0.03 secs] 
181.599: [Full GC (System) 181.599: [Tenured: 8063K->8074K(15444K), 0.0267410 secs] 9938K->8074K(22420K), [Perm : 9839K->9839K(12288K)], 0.0269570 secs] [Times: user=0.03 sys=0.00, real=0.03 secs] 
182.266: [Full GC (System) 182.266: [Tenured: 8074K->8650K(15444K), 0.0328120 secs] 9364K->8650K(22420K), [Perm : 9839K->9839K(12288K)], 0.0329670 secs] [Times: user=0.04 sys=0.00, real=0.03 secs] 
186.352: [Full GC (System) 186.352: [Tenured: 8650K->8655K(15444K), 0.0266390 secs] 9160K->8655K(22420K), [Perm : 9839K->9839K(12288K)], 0.0268600 secs] [Times: user=0.02 sys=0.00, real=0.03 secs] 
189.631: [Full GC (System) 189.631: [Tenured: 8655K->8635K(15444K), 0.0351670 secs] 9873K->8635K(22420K), [Perm : 9839K->9839K(12288K)], 0.0353540 secs] [Times: user=0.04 sys=0.00, real=0.03 secs] 
190.923: [Full GC (System) 190.923: [Tenured: 8635K->9226K(15444K), 0.0419850 secs] 11038K->9226K(22420K), [Perm : 9839K->9839K(12288K)], 0.0423700 secs] [Times: user=0.04 sys=0.00, real=0.04 secs] 
193.831: [Full GC (System) 193.831: [Tenured: 9226K->9261K(15444K), 0.0288130 secs] 11011K->9261K(22420K), [Perm : 9839K->9839K(12288K)], 0.0289940 secs] [Times: user=0.02 sys=0.01, real=0.03 secs] 
195.269: [Full GC (System) 195.269: [Tenured: 9261K->9272K(15444K), 0.0338660 secs] 10548K->9272K(22420K), [Perm : 9839K->9839K(12288K)], 0.0340270 secs] [Times: user=0.03 sys=0.01, real=0.03 secs] 
199.614: [GC 199.614: [DefNew: 6208K->214K(6976K), 0.0018990 secs] 15480K->9487K(22420K), 0.0019250 secs] [Times: user=0.01 sys=0.00, real=0.01 secs] 
202.441: [Full GC (System) 202.441: [Tenured: 9272K->9255K(15444K), 0.0263930 secs] 10942K->9255K(22420K), [Perm : 9839K->9839K(12288K)], 0.0265470 secs] [Times: user=0.03 sys=0.00, real=0.03 secs] 
203.110: [Full GC (System) 203.110: [Tenured: 9255K->8070K(15444K), 0.0284070 secs] 9606K->8070K(22420K), [Perm : 9839K->9839K(12288K)], 0.0285980 secs] [Times: user=0.03 sys=0.00, real=0.03 secs] 
203.842: [Full GC (System) 203.842: [Tenured: 8070K->8071K(15444K), 0.0320520 secs] 8428K->8071K(22420K), [Perm : 9839K->9839K(12288K)], 0.0322220 secs] [Times: user=0.03 sys=0.00, real=0.03 secs] 
204.515: [Full GC (System) 204.515: [Tenured: 8071K->8073K(15444K), 0.0310420 secs] 8404K->8073K(22420K), [Perm : 9839K->9839K(12288K)], 0.0314280 secs] [Times: user=0.02 sys=0.00, real=0.02 secs] 
206.795: [Full GC (System) 206.795: [Tenured: 8073K->7491K(15444K), 0.0274670 secs] 9200K->7491K(22420K), [Perm : 9839K->9839K(12288K)], 0.0276490 secs] [Times: user=0.03 sys=0.00, real=0.03 secs] 
207.465: [Full GC (System) 207.465: [Tenured: 7491K->8079K(15444K), 0.0303740 secs] 8183K->8079K(22420K), [Perm : 9839K->9839K(12288K)], 0.0305680 secs] [Times: user=0.03 sys=0.00, real=0.04 secs] 
212.492: [Full GC (System) 212.492: [Tenured: 8079K->8085K(15444K), 0.0262560 secs] 8743K->8085K(22420K), [Perm : 9839K->9839K(12288K)], 0.0264130 secs] [Times: user=0.03 sys=0.00, real=0.03 secs] 
214.770: [Full GC (System) 214.770: [Tenured: 8085K->8103K(15444K), 0.0278730 secs] 9407K->8103K(22420K), [Perm : 9839K->9839K(12288K)], 0.0280270 secs] [Times: user=0.03 sys=0.00, real=0.03 secs] 
215.442: [Full GC (System) 215.442: [Tenured: 8103K->8064K(15444K), 0.0330390 secs] 9371K->8064K(22420K), [Perm : 9839K->9839K(12288K)], 0.0333370 secs] [Times: user=0.04 sys=0.00, real=0.03 secs] 
220.482: [Full GC (System) 220.482: [Tenured: 8064K->8069K(15444K), 0.0262790 secs] 8714K->8069K(22420K), [Perm : 9839K->9839K(12288K)], 0.0264420 secs] [Times: user=0.03 sys=0.00, real=0.03 secs] 
223.380: [Full GC (System) 223.380: [Tenured: 8069K->8088K(15444K), 0.0288730 secs] 9732K->8088K(22420K), [Perm : 9839K->9839K(12288K)], 0.0290800 secs] [Times: user=0.02 sys=0.00, real=0.03 secs] 
224.049: [Full GC (System) 224.049: [Tenured: 8088K->8676K(15444K), 0.0331070 secs] 8795K->8676K(22420K), [Perm : 9839K->9839K(12288K)], 0.0332620 secs] [Times: user=0.02 sys=0.00, real=0.03 secs] 
229.080: [Full GC (System) 229.080: [Tenured: 8676K->8064K(15444K), 0.0268320 secs] 9325K->8064K(22420K), [Perm : 9839K->9839K(12288K)], 0.0270460 secs] [Times: user=0.02 sys=0.01, real=0.03 secs] 
231.669: [Full GC (System) 231.670: [Tenured: 8064K->8074K(15444K), 0.0272160 secs] 9931K->8074K(22420K), [Perm : 9839K->9839K(12288K)], 0.0274540 secs] [Times: user=0.03 sys=0.00, real=0.03 secs] 
232.343: [Full GC (System) 232.343: [Tenured: 8074K->8646K(15444K), 0.0307210 secs] 9336K->8646K(22420K), [Perm : 9839K->9839K(12288K)], 0.0308800 secs] [Times: user=0.03 sys=0.00, real=0.03 secs] 
236.425: [Full GC (System) 236.425: [Tenured: 8646K->8651K(15444K), 0.0281480 secs] 9181K->8651K(22420K), [Perm : 9839K->9839K(12288K)], 0.0282900 secs] [Times: user=0.03 sys=0.00, real=0.02 secs] 
239.713: [Full GC (System) 239.713: [Tenured: 8651K->8635K(15444K), 0.0267670 secs] 9891K->8635K(22420K), [Perm : 9839K->9839K(12288K)], 0.0270430 secs] [Times: user=0.03 sys=0.00, real=0.03 secs] 
240.990: [Full GC (System) 240.990: [Tenured: 8635K->9226K(15444K), 0.0347710 secs] 11043K->9226K(22420K), [Perm : 9839K->9839K(12288K)], 0.0349260 secs] [Times: user=0.03 sys=0.00, real=0.04 secs] 
243.888: [Full GC (System) 243.888: [Tenured: 9226K->9261K(15444K), 0.0301210 secs] 10991K->9261K(22420K), [Perm : 9839K->9839K(12288K)], 0.0304840 secs] [Times: user=0.03 sys=0.00, real=0.03 secs] 
245.321: [Full GC (System) 245.321: [Tenured: 9261K->9273K(15444K), 0.0298960 secs] 10581K->9273K(22420K), [Perm : 9839K->9839K(12288K)], 0.0300370 secs] [Times: user=0.03 sys=0.00, real=0.03 secs] 
249.672: [GC 249.672: [DefNew: 6208K->217K(6976K), 0.0020840 secs] 15481K->9490K(22420K), 0.0021710 secs] [Times: user=0.00 sys=0.00, real=0.00 secs] 
252.505: [Full GC (System) 252.505: [Tenured: 9273K->9256K(15444K), 0.0328720 secs] 10907K->9256K(22420K), [Perm : 9839K->9839K(12288K)], 0.0332130 secs] [Times: user=0.03 sys=0.00, real=0.03 secs] 
253.181: [Full GC (System) 253.182: [Tenured: 9256K->8070K(15444K), 0.0332050 secs] 9625K->8070K(22420K), [Perm : 9839K->9839K(12288K)], 0.0333710 secs] [Times: user=0.02 sys=0.00, real=0.04 secs] 
253.916: [Full GC (System) 253.916: [Tenured: 8070K->8072K(15444K), 0.0316820 secs] 8429K->8072K(22420K), [Perm : 9839K->9839K(12288K)], 0.0318540 secs] [Times: user=0.03 sys=0.01, real=0.03 secs] 
254.591: [Full GC (System) 254.591: [Tenured: 8072K->8074K(15444K), 0.0295060 secs] 8425K->8074K(22420K), [Perm : 9839K->9839K(12288K)], 0.0296640 secs] [Times: user=0.03 sys=0.00, real=0.03 secs] 
256.877: [Full GC (System) 256.877: [Tenured: 8074K->7493K(15444K), 0.0300330 secs] 9259K->7493K(22420K), [Perm : 9839K->9839K(12288K)], 0.0301990 secs] [Times: user=0.03 sys=0.00, real=0.03 secs] 
257.554: [Full GC (System) 257.554: [Tenured: 7493K->8081K(15444K), 0.0275420 secs] 8183K->8081K(22420K), [Perm : 9839K->9839K(12288K)], 0.0277360 secs] [Times: user=0.02 sys=0.00, real=0.02 secs] 
262.605: [Full GC (System) 262.605: [Tenured: 8081K->8086K(15444K), 0.0277780 secs] 8787K->8086K(22420K), [Perm : 9839K->9839K(12288K)], 0.0279780 secs] [Times: user=0.02 sys=0.01, real=0.03 secs] 
264.950: [Full GC (System) 264.950: [Tenured: 8086K->8103K(15444K), 0.0261540 secs] 9491K->8103K(22420K), [Perm : 9839K->9839K(12288K)], 0.0264210 secs] [Times: user=0.02 sys=0.00, real=0.03 secs] 
265.614: [Full GC (System) 265.614: [Tenured: 8103K->8064K(15444K), 0.0416740 secs] 8804K->8064K(22420K), [Perm : 9839K->9839K(12288K)], 0.0418240 secs] [Times: user=0.03 sys=0.01, real=0.04 secs] 
270.648: [Full GC (System) 270.648: [Tenured: 8064K->8069K(15444K), 0.0525770 secs] 8756K->8069K(22420K), [Perm : 9839K->9839K(12288K)], 0.0527530 secs] [Times: user=0.05 sys=0.00, real=0.05 secs] 
273.565: [Full GC (System) 273.565: [Tenured: 8069K->8088K(15444K), 0.0260970 secs] 9708K->8088K(22420K), [Perm : 9839K->9839K(12288K)], 0.0262500 secs] [Times: user=0.03 sys=0.00, real=0.02 secs] 
274.230: [Full GC (System) 274.230: [Tenured: 8088K->8676K(15444K), 0.0337100 secs] 8789K->8676K(22420K), [Perm : 9839K->9839K(12288K)], 0.0340260 secs] [Times: user=0.04 sys=0.00, real=0.04 secs] 
279.259: [Full GC (System) 279.259: [Tenured: 8676K->8066K(15444K), 0.0269300 secs] 9370K->8066K(22420K), [Perm : 9839K->9839K(12288K)], 0.0271890 secs] [Times: user=0.02 sys=0.00, real=0.03 secs] 
Heap
 def new generation   total 6976K, used 1929K [0xa09e0000, 0xa1170000, 0xa5f30000)
  eden space 6208K,  31% used [0xa09e0000, 0xa0bc27f8, 0xa0ff0000)
  from space 768K,   0% used [0xa0ff0000, 0xa0ff0000, 0xa10b0000)
  to   space 768K,   0% used [0xa10b0000, 0xa10b0000, 0xa1170000)
 tenured generation   total 15444K, used 8066K [0xa5f30000, 0xa6e45000, 0xb09e0000)
   the space 15444K,  52% used [0xa5f30000, 0xa6710a60, 0xa6710c00, 0xa6e45000)
 compacting perm gen  total 12288K, used 9846K [0xb09e0000, 0xb15e0000, 0xb49e0000)
   the space 12288K,  80% used [0xb09e0000, 0xb137db70, 0xb137dc00, 0xb15e0000)
No shared spaces configured.
