0.596: [GC 4416K->1956K(15872K), 0.0178020 secs]
0.966: [GC 6372K->2992K(15872K), 0.0126330 secs]
1.170: [GC 7408K->3623K(15872K), 0.0124720 secs]
1.475: [GC 8039K->5580K(15872K), 0.0082730 secs]
2.243: [Full GC 7876K->6464K(15872K), 0.0323210 secs]
2.976: [Full GC 6774K->6466K(15936K), 0.0285760 secs]
3.651: [Full GC 6768K->6468K(15936K), 0.0269940 secs]
5.934: [Full GC 7513K->6337K(15936K), 0.0298840 secs]
6.607: [Full GC 7014K->6925K(15936K), 0.0294290 secs]
11.643: [Full GC 7468K->6930K(16792K), 0.0274940 secs]
13.928: [Full GC 8240K->6947K(16792K), 0.0259210 secs]
14.593: [Full GC 7655K->7356K(16792K), 0.0731380 secs]
19.668: [Full GC 7860K->7357K(17896K), 0.0730230 secs]
22.608: [Full GC 8935K->7373K(17896K), 0.0246920 secs]
23.273: [Full GC 8052K->7961K(17896K), 0.0354990 secs]
28.315: [Full GC 8462K->7950K(19288K), 0.0234730 secs]
30.902: [Full GC 9772K->7957K(19288K), 0.0237800 secs]
31.574: [Full GC 9149K->8528K(19288K), 0.0290250 secs]
35.651: [Full GC 8930K->8529K(20680K), 0.0261990 secs]
38.932: [Full GC 9690K->8534K(20680K), 0.0248180 secs]
40.209: [Full GC 10862K->9122K(20680K), 0.0301160 secs]
43.108: [Full GC 10791K->9153K(22116K), 0.0334050 secs]
44.555: [Full GC 10403K->9165K(22116K), 0.0299190 secs]
48.764: [GC 15309K->9438K(22116K), 0.0021300 secs]
51.721: [Full GC 11056K->9264K(22116K), 0.0286940 secs]
52.395: [Full GC 9618K->8072K(22420K), 0.0308430 secs]
53.129: [Full GC 8425K->8074K(22420K), 0.0293100 secs]
53.804: [Full GC 8426K->8080K(22420K), 0.0309290 secs]
56.090: [Full GC 9212K->7494K(22420K), 0.0284740 secs]
56.762: [Full GC 8204K->8086K(22420K), 0.0304060 secs]
61.802: [Full GC 8732K->8091K(22420K), 0.0261590 secs]
64.079: [Full GC 9479K->8108K(22420K), 0.0274850 secs]
64.748: [Full GC 8818K->8063K(22420K), 0.0341500 secs]
69.777: [Full GC 8709K->8068K(22420K), 0.0291540 secs]
72.681: [Full GC 9690K->8088K(22420K), 0.0300560 secs]
73.354: [Full GC 8799K->8676K(22420K), 0.0441260 secs]
78.475: [Full GC 9291K->8063K(22420K), 0.0265970 secs]
81.066: [Full GC 9954K->8074K(22420K), 0.0260650 secs]
81.735: [Full GC 9331K->8646K(22420K), 0.0306560 secs]
85.817: [Full GC 9164K->8651K(22420K), 0.0260870 secs]
89.096: [Full GC 9951K->8635K(22420K), 0.0274380 secs]
90.377: [Full GC 11041K->9222K(22420K), 0.0313110 secs]
93.278: [Full GC 10974K->9256K(22420K), 0.0261430 secs]
94.708: [Full GC 10543K->9272K(22420K), 0.0304710 secs]
99.018: [GC 15480K->9488K(22420K), 0.0018590 secs]
101.875: [Full GC 10982K->9257K(22420K), 0.0264950 secs]
102.545: [Full GC 9609K->8070K(22420K), 0.0313360 secs]
103.276: [Full GC 8421K->8076K(22420K), 0.0314660 secs]
103.951: [Full GC 8443K->8078K(22420K), 0.0327160 secs]
106.240: [Full GC 9236K->7493K(22420K), 0.0263440 secs]
106.908: [Full GC 8274K->8080K(22420K), 0.0282160 secs]
111.941: [Full GC 8679K->8085K(22420K), 0.0248600 secs]
114.223: [Full GC 9492K->8098K(22420K), 0.0262790 secs]
114.886: [Full GC 8787K->8064K(22420K), 0.0334400 secs]
119.922: [Full GC 8677K->8068K(22420K), 0.0253170 secs]
122.812: [Full GC 9715K->8088K(22420K), 0.0256870 secs]
123.482: [Full GC 8854K->8680K(22420K), 0.0344520 secs]
128.511: [Full GC 9293K->8064K(22420K), 0.0261530 secs]
131.101: [Full GC 9943K->8074K(22420K), 0.0255900 secs]
131.771: [Full GC 9315K->8646K(22420K), 0.0358000 secs]
135.868: [Full GC 9171K->8651K(22420K), 0.0280070 secs]
139.153: [Full GC 9922K->8635K(22420K), 0.0279090 secs]
140.434: [Full GC 11032K->9222K(22420K), 0.0276610 secs]
143.330: [Full GC 10946K->9256K(22420K), 0.0257290 secs]
144.763: [Full GC 10577K->9272K(22420K), 0.0332800 secs]
149.067: [GC 15480K->9488K(22420K), 0.0019360 secs]
151.930: [Full GC 10891K->9257K(22420K), 0.0270920 secs]
152.604: [Full GC 9566K->8070K(22420K), 0.0311850 secs]
153.338: [Full GC 8484K->8072K(22420K), 0.0313910 secs]
154.011: [Full GC 8392K->8073K(22420K), 0.0329970 secs]
156.302: [Full GC 9176K->7493K(22420K), 0.0263080 secs]
156.972: [Full GC 8195K->8080K(22420K), 0.0299210 secs]
161.999: [Full GC 8680K->8085K(22420K), 0.0261530 secs]
164.275: [Full GC 9470K->8102K(22420K), 0.0267480 secs]
164.940: [Full GC 8805K->8063K(22420K), 0.0354430 secs]
169.986: [Full GC 8655K->8068K(22420K), 0.0264150 secs]
172.875: [Full GC 9751K->8088K(22420K), 0.0264110 secs]
173.545: [Full GC 8801K->8680K(22420K), 0.0313420 secs]
178.580: [Full GC 9282K->8063K(22420K), 0.0267230 secs]
181.169: [Full GC 9934K->8074K(22420K), 0.0304120 secs]
181.842: [Full GC 9366K->8650K(22420K), 0.0266980 secs]
185.921: [Full GC 9164K->8655K(22420K), 0.0260810 secs]
189.202: [Full GC 9872K->8635K(22420K), 0.0632910 secs]
190.521: [Full GC 11033K->9226K(22420K), 0.0277710 secs]
193.413: [Full GC 11008K->9261K(22420K), 0.0280390 secs]
194.848: [Full GC 10546K->9272K(22420K), 0.0295890 secs]
199.193: [GC 15480K->9487K(22420K), 0.0026400 secs]
202.026: [Full GC 10931K->9255K(22420K), 0.0273030 secs]
202.698: [Full GC 9614K->8070K(22420K), 0.0303990 secs]
203.432: [Full GC 8429K->8071K(22420K), 0.0325390 secs]
204.110: [Full GC 8413K->8073K(22420K), 0.0324390 secs]
206.394: [Full GC 9190K->7491K(22420K), 0.0256960 secs]
207.065: [Full GC 8185K->8079K(22420K), 0.0308870 secs]
212.096: [Full GC 8743K->8085K(22420K), 0.0269960 secs]
214.373: [Full GC 9403K->8102K(22420K), 0.0312610 secs]
215.048: [Full GC 8819K->8064K(22420K), 0.0302650 secs]
220.071: [Full GC 8714K->8069K(22420K), 0.0254940 secs]
222.966: [Full GC 9723K->8088K(22420K), 0.0261730 secs]
223.636: [Full GC 8804K->8676K(22420K), 0.0321490 secs]
228.676: [Full GC 9321K->8064K(22420K), 0.0271110 secs]
231.259: [Full GC 9921K->8070K(22420K), 0.0290660 secs]
231.931: [Full GC 9341K->8646K(22420K), 0.0347570 secs]
236.015: [Full GC 9180K->8651K(22420K), 0.0253470 secs]
239.290: [Full GC 9889K->8635K(22420K), 0.0269400 secs]
240.569: [Full GC 11037K->9226K(22420K), 0.0309650 secs]
243.464: [Full GC 10982K->9261K(22420K), 0.0258190 secs]
244.897: [Full GC 10577K->9273K(22420K), 0.0313400 secs]
249.246: [GC 15481K->9490K(22420K), 0.0022360 secs]
252.071: [Full GC 10919K->9255K(22420K), 0.0271700 secs]
252.743: [Full GC 9625K->8070K(22420K), 0.0299620 secs]
253.480: [Full GC 8444K->8072K(22420K), 0.0321160 secs]
254.153: [Full GC 8425K->8074K(22420K), 0.0305960 secs]
256.437: [Full GC 9270K->7493K(22420K), 0.0270430 secs]
257.107: [Full GC 8191K->8081K(22420K), 0.0331680 secs]
262.145: [Full GC 8786K->8086K(22420K), 0.0275600 secs]
264.427: [Full GC 9495K->8103K(22420K), 0.0239450 secs]
265.092: [Full GC 8812K->8064K(22420K), 0.0367880 secs]
270.123: [Full GC 8752K->8069K(22420K), 0.0266540 secs]
273.013: [Full GC 9719K->8088K(22420K), 0.0262270 secs]
273.681: [Full GC 8803K->8676K(22420K), 0.0336790 secs]
278.728: [Full GC 9408K->8066K(22420K), 0.0273060 secs]
281.311: [Full GC 9929K->8077K(22420K), 0.0268900 secs]
281.981: [Full GC 9365K->8649K(22420K), 0.0345050 secs]
286.077: [Full GC 9200K->8653K(22420K), 0.0268180 secs]
289.357: [Full GC 9849K->8637K(22420K), 0.0272190 secs]
290.639: [Full GC 11063K->9229K(22420K), 0.0325170 secs]
293.534: [Full GC 10991K->9263K(22420K), 0.0271800 secs]
294.969: [Full GC 10537K->9275K(22420K), 0.0308090 secs]
299.316: [GC 15483K->9492K(22420K), 0.0016970 secs]
302.149: [Full GC 10860K->9258K(22420K), 0.0275310 secs]
302.819: [Full GC 9643K->8072K(22420K), 0.0327600 secs]
